snapshots["test_0001_takes a snapshot 1"] = <<-SNAP
hello
SNAP

snapshots["test_0001_takes a snapshot 2"] = <<-SNAP
goodbye
SNAP

snapshots["test_snapshot 1"] = <<-SNAP
hello
SNAP

snapshots["test_snapshot 2"] = <<-SNAP
goodbye
SNAP

snapshots["test_0003_escapes regex [] 1"] = <<-SNAP
hello
SNAP

snapshots["test_escapes_regex_[] 1"] = <<-SNAP
hello
SNAP
